[www.slipstreamcity.com/index.html]
[backblue.gif]
[fade.gif]
[index.html]
[maxcdn.bootstrapcdn.com/font-awesome/4.2.0/css/font-awesome.min.css]
[www.slipstreamcity.com/siteec92.css]
[img1.wsimg.com/starfield/duel/v2.5.8/duel35bd.js]
[img1.wsimg.com/gfonts/s/allura/v21/9oRPNYsQpS4zjuA_hAgWDto.woff2]
[img1.wsimg.com/gfonts/s/allura/v21/9oRPNYsQpS4zjuA_hQgWDto.woff2]
[img1.wsimg.com/gfonts/s/allura/v21/9oRPNYsQpS4zjuA_iwgW.woff2]
[img1.wsimg.com/gfonts/s/amaticsc/v26/TUZyzwprpvBS1izr_vOEDuSfQZQ.woff2]
[img1.wsimg.com/gfonts/s/amaticsc/v26/TUZyzwprpvBS1izr_vOECOSfQZQ.woff2]
[img1.wsimg.com/gfonts/s/amaticsc/v26/TUZyzwprpvBS1izr_vOEBeSfQZQ.woff2]
[img1.wsimg.com/gfonts/s/amaticsc/v26/TUZyzwprpvBS1izr_vOEBOSfQZQ.woff2]
[img1.wsimg.com/gfonts/s/amaticsc/v26/TUZyzwprpvBS1izr_vOECuSf.woff2]
[img1.wsimg.com/gfonts/s/arizonia/v21/neIIzCemt4A5qa7mv5WOFqwKUQ.woff2]
[img1.wsimg.com/gfonts/s/arizonia/v21/neIIzCemt4A5qa7mv5WPFqwKUQ.woff2]
[img1.wsimg.com/gfonts/s/arizonia/v21/neIIzCemt4A5qa7mv5WBFqw.woff2]
[img1.wsimg.com/gfonts/s/averiasanslibre/v19/ga6XaxZG_G5OvCf_rt7FH3B6BHLMEdVOEoI.woff2]
[img1.wsimg.com/gfonts/s/cabinsketch/v21/QGYpz_kZZAGCONcK2A4bGOj8mNhN.woff2]
[img1.wsimg.com/gfonts/s/francoisone/v21/_Xmr-H4zszafZw3A-KPSZut9zgiRi_Y.woff2]
[img1.wsimg.com/gfonts/s/francoisone/v21/_Xmr-H4zszafZw3A-KPSZut9zwiRi_Y.woff2]
[img1.wsimg.com/gfonts/s/francoisone/v21/_Xmr-H4zszafZw3A-KPSZut9wQiR.woff2]
[img1.wsimg.com/gfonts/s/frederickathegreat/v21/9Bt33CxNwt7aOctW2xjbCstzwVKsIBVV--StxbcVcg.woff2]
[img1.wsimg.com/gfonts/s/frederickathegreat/v21/9Bt33CxNwt7aOctW2xjbCstzwVKsIBVV--Sjxbc.woff2]
[img1.wsimg.com/gfonts/s/jacquesfrancoisshadow/v25/KR1FBtOz8PKTMk-kqdkLVrvR0ECFrB6Pin-2_p8Suno.woff2]
[img1.wsimg.com/gfonts/s/josefinslab/v27/lW-swjwOK3Ps5GSJlNNkMalNpiZe_ldbOR4W71msR349Kg.woff2]
[img1.wsimg.com/gfonts/s/kaushanscript/v18/vm8vdRfvXFLG3OLnsO15WYS5DG72wNJHMw.woff2]
[img1.wsimg.com/gfonts/s/kaushanscript/v18/vm8vdRfvXFLG3OLnsO15WYS5DG74wNI.woff2]
[img1.wsimg.com/gfonts/s/loveyalikeasister/v22/R70EjzUBlOqPeouhFDfR80-0FhOqJubN-BeL-3xdgGE.woff2]
[img1.wsimg.com/gfonts/s/loveyalikeasister/v22/R70EjzUBlOqPeouhFDfR80-0FhOqJubN-BeL9Xxd.woff2]
[img1.wsimg.com/gfonts/s/merriweather/v31/u-4D0qyriQwlOrhSvowK_l5UcA6zuSYEqOzpPe3HOZJ5eX1WtLaQwmYiScCmDxhtNOKl8yDr3icaGV31GvU.woff2]
[img1.wsimg.com/gfonts/s/merriweather/v31/u-4D0qyriQwlOrhSvowK_l5UcA6zuSYEqOzpPe3HOZJ5eX1WtLaQwmYiScCmDxhtNOKl8yDr3icaEF31GvU.woff2]
[img1.wsimg.com/gfonts/s/merriweather/v31/u-4D0qyriQwlOrhSvowK_l5UcA6zuSYEqOzpPe3HOZJ5eX1WtLaQwmYiScCmDxhtNOKl8yDr3icaG131GvU.woff2]
[img1.wsimg.com/gfonts/s/merriweather/v31/u-4D0qyriQwlOrhSvowK_l5UcA6zuSYEqOzpPe3HOZJ5eX1WtLaQwmYiScCmDxhtNOKl8yDr3icaGl31GvU.woff2]
[img1.wsimg.com/gfonts/s/merriweather/v31/u-4D0qyriQwlOrhSvowK_l5UcA6zuSYEqOzpPe3HOZJ5eX1WtLaQwmYiScCmDxhtNOKl8yDr3icaFF31.woff2]
[img1.wsimg.com/gfonts/s/offside/v24/HI_KiYMWKa9QrAykc5joR6-d.woff2]
[img1.wsimg.com/gfonts/s/offside/v24/HI_KiYMWKa9QrAykc5boRw.woff2]
[img1.wsimg.com/gfonts/s/opensans/v40/memSYaGs126MiZpBA-UvWbX2vVnXBbObj2OVZyOOSr4dVJWUgsjZ0B4taVIGxA.woff2]
[img1.wsimg.com/gfonts/s/opensans/v40/memSYaGs126MiZpBA-UvWbX2vVnXBbObj2OVZyOOSr4dVJWUgsjZ0B4kaVIGxA.woff2]
[img1.wsimg.com/gfonts/s/opensans/v40/memSYaGs126MiZpBA-UvWbX2vVnXBbObj2OVZyOOSr4dVJWUgsjZ0B4saVIGxA.woff2]
[img1.wsimg.com/gfonts/s/opensans/v40/memSYaGs126MiZpBA-UvWbX2vVnXBbObj2OVZyOOSr4dVJWUgsjZ0B4jaVIGxA.woff2]
[img1.wsimg.com/gfonts/s/opensans/v40/memSYaGs126MiZpBA-UvWbX2vVnXBbObj2OVZyOOSr4dVJWUgsjZ0B4iaVIGxA.woff2]
[img1.wsimg.com/gfonts/s/opensans/v40/memSYaGs126MiZpBA-UvWbX2vVnXBbObj2OVZyOOSr4dVJWUgsjZ0B5caVIGxA.woff2]
[img1.wsimg.com/gfonts/s/opensans/v40/memSYaGs126MiZpBA-UvWbX2vVnXBbObj2OVZyOOSr4dVJWUgsjZ0B5OaVIGxA.woff2]
[img1.wsimg.com/gfonts/s/opensans/v40/memSYaGs126MiZpBA-UvWbX2vVnXBbObj2OVZyOOSr4dVJWUgsjZ0B4vaVIGxA.woff2]
[img1.wsimg.com/gfonts/s/opensans/v40/memSYaGs126MiZpBA-UvWbX2vVnXBbObj2OVZyOOSr4dVJWUgsjZ0B4uaVIGxA.woff2]
[img1.wsimg.com/gfonts/s/opensans/v40/memSYaGs126MiZpBA-UvWbX2vVnXBbObj2OVZyOOSr4dVJWUgsjZ0B4gaVI.woff2]
[img1.wsimg.com/gfonts/s/oswald/v53/TK3_WkUHHAIjg75cFRf3bXL8LICs1_FvsUtiZTaR.woff2]
[img1.wsimg.com/gfonts/s/oswald/v53/TK3_WkUHHAIjg75cFRf3bXL8LICs1_FvsUJiZTaR.woff2]
[img1.wsimg.com/gfonts/s/oswald/v53/TK3_WkUHHAIjg75cFRf3bXL8LICs1_FvsUliZTaR.woff2]
[img1.wsimg.com/gfonts/s/oswald/v53/TK3_WkUHHAIjg75cFRf3bXL8LICs1_FvsUhiZTaR.woff2]
[img1.wsimg.com/gfonts/s/oswald/v53/TK3_WkUHHAIjg75cFRf3bXL8LICs1_FvsUZiZQ.woff2]
[img1.wsimg.com/gfonts/s/overtherainbow/v21/11haGoXG1k_HKhMLUWz7Mc7vvW5ulvqs9eA2.woff2]
[img1.wsimg.com/gfonts/s/overtherainbow/v21/11haGoXG1k_HKhMLUWz7Mc7vvW5ulvSs9Q.woff2]
[img1.wsimg.com/gfonts/s/pacifico/v22/FwZY7-Qmy14u9lezJ-6K6MmTpA.woff2]
[img1.wsimg.com/gfonts/s/pacifico/v22/FwZY7-Qmy14u9lezJ-6D6MmTpA.woff2]
[img1.wsimg.com/gfonts/s/pacifico/v22/FwZY7-Qmy14u9lezJ-6I6MmTpA.woff2]
[img1.wsimg.com/gfonts/s/pacifico/v22/FwZY7-Qmy14u9lezJ-6J6MmTpA.woff2]
[img1.wsimg.com/gfonts/s/pacifico/v22/FwZY7-Qmy14u9lezJ-6H6Mk.woff2]
[img1.wsimg.com/gfonts/s/romanesco/v21/w8gYH2ozQOY7_r_J7mSX1XYKmOo.woff2]
[img1.wsimg.com/gfonts/s/romanesco/v21/w8gYH2ozQOY7_r_J7mSX23YK.woff2]
[img1.wsimg.com/gfonts/s/sacramento/v15/buEzpo6gcdjy0EiZMBUG4CMf_exL.woff2]
[img1.wsimg.com/gfonts/s/sacramento/v15/buEzpo6gcdjy0EiZMBUG4C0f_Q.woff2]
[img1.wsimg.com/gfonts/s/seaweedscript/v15/bx6cNx6Tne2pxOATYE8C_Rsoe3WA8qY2VQ.woff2]
[img1.wsimg.com/gfonts/s/seaweedscript/v15/bx6cNx6Tne2pxOATYE8C_Rsoe3WO8qY.woff2]
[img1.wsimg.com/gfonts/s/specialelite/v19/XLYgIZbkc4JPUL5CVArUVL0ntn4OSEFt.woff2]
[img1.wsimg.com/gfonts/s/specialelite/v19/XLYgIZbkc4JPUL5CVArUVL0ntnAOSA.woff2]
[img1.wsimg.com/gfonts/s/copse/v15/11hPGpDKz1rGb3dkFEk.woff2]
[img1.wsimg.com/gfonts/s/quicksand/v36/6xK-dSZaM9iE8KbpRA_LJ3z8mH9BOJvgkBgv58m-wi40.woff2]
[img1.wsimg.com/gfonts/s/quicksand/v36/6xK-dSZaM9iE8KbpRA_LJ3z8mH9BOJvgkBgv58i-wi40.woff2]
[img1.wsimg.com/gfonts/s/quicksand/v36/6xK-dSZaM9iE8KbpRA_LJ3z8mH9BOJvgkBgv58a-wg.woff2]
[nebula.wsimg.com/fe94ca3432b445a69f440f9bf78d86ee9657.jpg]
[www.slipstreamcity.com/home.html]
[www.slipstreamcity.com/novels.html]
[www.slipstreamcity.com/slipstream-portal.html]
[www.slipstreamcity.com/last-house-on-the-block.html]
[www.slipstreamcity.com/road-scholars.html]
[www.slipstreamcity.com/genre.html]
[www.slipstreamcity.com/logo.html]
[www.slipstreamcity.com/about.html]
[www.slipstreamcity.com/credits.html]
[www.slipstreamcity.com/contacts.html]
[nebula.wsimg.com/8ab65304e96a3c43c173e88f8d2d1b7b9657.png]
[www.slipstreamcity.com/index.html]
[maxcdn.bootstrapcdn.com/font-awesome/4.2.0/css/font-awesome.min.css]
[img1.wsimg.com/signals/js/clients/scc-c2/scc-c2.min.js]
[img1.wsimg.com/wst/v7/WSB7_J_20211008_0937_DEP-19227_3266/v2/images/wsb-slideshow-nav-arrows-sprt.png]
[www.slipstreamcity.com/siteec92.css]
[www.slipstreamcity.com/css!starfield/sf.core.55.delayed]
[img1.wsimg.com/starfield/duel/v2.5.8/duel35bd.js]
[nebula.wsimg.com/588633e16abbdee3a33ca2c97be3e1479657.png]
[nebula.wsimg.com/8a34f8198d3ae2464e30155c4e0337c19657.png]
[www.slipstreamcity.com/home.html]
[nebula.wsimg.com/9853b2125015fc1aa273f4b4a454aeec9657.jpg]
[nebula.wsimg.com/c5107b185f09cc185738f0a378ebfe5d9657.jpg]
[nebula.wsimg.com/114b5082caefc01d236b9d5f9b454fc89657.jpg]
[nebula.wsimg.com/5d0b64cb905e34696f08b7adecb9a8de9657.jpg]
[www.slipstreamcity.com/novels.html]
[nebula.wsimg.com/49c67d4bdd7993b1d8978da5fba308219657.jpg]
[nebula.wsimg.com/d5bffdf49ae5d6af18783165fa7ac4299657.jpg]
[nebula.wsimg.com/767d3787346eb34eb022080e8984efc19657.jpg]
[nebula.wsimg.com/7c39d9557c4d07423eb611c0bdb9c8e19657.png]
[nebula.wsimg.com/ddd7b4b7a7b3b28bb7166a2ff7b042109657.jpg]
[nebula.wsimg.com/0e35a92df2192436cfb5452a36d1f76c9657.png]
[nebula.wsimg.com/6e3f7b724fae87867aea5fc46ea0fcdc9657.png]
[nebula.wsimg.com/18af353b9ea943cd7834a529f03050429657.jpg]
[nebula.wsimg.com/38fdaf0f4cc32135b49720850d37f19a9657.png]
[www.slipstreamcity.com/slipstream-portal.html]
[nebula.wsimg.com/20ac96d99dbe4c0a0e6505eed8e11c529657.png]
[nebula.wsimg.com/d2739d41e2ff32047a27a2c58c4700bf9657.jpg]
[nebula.wsimg.com/9d3680d0d3d6f7df9a0ece4cc9977b6c9657.jpg]
[nebula.wsimg.com/6f453f91d72e9d0056c2d4c3873be2c39657.png]
[nebula.wsimg.com/b15eed22c91d433fc2676a34e16429509657.jpg]
[nebula.wsimg.com/971e58244864bdbd9a0ab3c3f6d0e8899657.png]
[www.slipstreamcity.com/last-house-on-the-block.html]
[nebula.wsimg.com/77c544fecb3c8fb5b1634f1e1f4b151d9657.jpg]
[nebula.wsimg.com/92fafa4e976fb414ee97da996bab20de9657.jpg]
[nebula.wsimg.com/1da88c049a3bdeea96e9d4202dae19679657.jpg]
[nebula.wsimg.com/0f2161d7ecbf8cfbdb379a39b9775c329657.jpg]
[nebula.wsimg.com/045fe1587a3094eacefb8e8003c7b68a9657.jpg]
[nebula.wsimg.com/0b4024e76a77fa27156b43938bf7ff1a9657.png]
[www.slipstreamcity.com/road-scholars.html]
[nebula.wsimg.com/5af995e06b737ad0e2845abd3bf3aa4a9657.png]
[www.slipstreamcity.com/genre.html]
[nebula.wsimg.com/ae15381bab9584930b9e1e4a14cb72fd9657.jpg]
[nebula.wsimg.com/0bfcd9adb6c38389152d6bfde2d3f5739657.png]
[www.slipstreamcity.com/logo.html]
[nebula.wsimg.com/36234f596bfdf92e936ccd5d52ed80d99657.jpg]
[www.slipstreamcity.com/about.html]
[nebula.wsimg.com/6f89612bb76d622f8bb7e5d1e1294b389657.jpg]
[www.slipstreamcity.com/credits.html]
[nebula.wsimg.com/0d457caa595db5cb47e19b369491757c9657.jpg]
[www.slipstreamcity.com/contacts.html]
[facebook.com/index.html]
[twitter.com/index.html]
[plus.google.com/index.html]
[www.slipstreamcity.com/css!starfield/sf.core.html]
[nebula.wsimg.com/7cbc19cab7bc78ad75bda560ab28a0469657.png]
[nebula.wsimg.com/0fe911927f702920b4515d81814bad5d9657.jpg]
[nebula.wsimg.com/e89f16043677312ab67ab4d5984e07e19657.png]
